src/app/user/Dashboard.tsx(206,9): error TS1005: ')' expected.
src/app/user/Dashboard.tsx(207,5): error TS1109: Expression expected.
src/app/user/Dashboard.tsx(208,1): error TS1128: Declaration or statement expected.
